[
  {
    "id": 2,
    "first_name": "Kazys",
    "last_name": "Kazaitis",
    "occupation": "Tailor",
    "phone": "+37061495802",
    "address": "Smauglio 1-891, Kaunas, Lietuva",
    "employer": "UAB \"Idurtas Pirstas\"",
    "birth_date": "1919-01-12",
    "personal_id": "31901127891",
    "temp_saved": false
  }
]