{
  "first_name": "Tomas",
  "last_name": "Tomaitis",
  "occupation": "Tailor",
  "mobile_phone": "+37011495802",
  "address": "Railiskiu 12, Vilnius",
  "employer": "UAB \"Laisvo vejo kontora\"",
  "birth_date": "1987-05-14",
  "personal_id": "38705144789",
  "email": "tomas@tomaitis.com"
}
