[
  {
    "id": 1,
    "first_name": "Tomas",
    "last_name": "Tomaitis",
    "occupation": "Tailor",
    "mobile_phone": "+37011495802",
    "address": "Railiskiu 12, Vilnius",
    "employer": "UAB \"Laisvo vejo kontora\"",
    "birth_date": "1987-05-14",
    "personal_id": "38705144789",
    "email": "tomas@tomaitis.com",
    "disability_report_id": 1
  },

  {
    "id": 2,
    "first_name": "Kazys",
    "last_name": "Kazaitis",
    "occupation": "Tailor",
    "phone": "+37061495802",
    "address": "Smauglio 1-891, Kaunas, Lietuva",
    "employer": "UAB \"Idurtas Pirstas\"",
    "birth_date": "1919-01-12",
    "personal_id": "31901127891"
  }
]